[     468ms] [ERROR] Failed to load resource: the server responded with a status of 500 (Internal Server Error) @ http://localhost:3000/dashboard/leads/cmsxmo9rc000631ui3whpppac/referral:0
[     489ms] [INFO] %cDownload the React DevTools for a better development experience: https://react.dev/link/react-devtools font-weight:bold @ http://localhost:3000/_next/static/chunks/node_modules_next_dist_1e8vcs8._.js:776
[     497ms] [LOG] [HMR] connected @ http://localhost:3000/_next/static/chunks/node_modules_next_dist_1e8vcs8._.js:776
[     536ms] PrismaClientValidationError: 
Invalid `__TURBOPACK__imported__module__$5b$project$5d2f$src$2f$lib$2f$db$2e$ts__$5b$app$2d$rsc$5d$__$28$ecmascript$29$__["db"].lender.findUnique()` invocation in
/Users/nikhil/Downloads/priority clients/saathi finance/.next/dev/server/chunks/ssr/[root-of-the-server]__1pwi_1a._.js:72:180

  69 if (!lead) (0, __TURBOPACK__imported__module__$5b$project$5d2f$node_modules$2f$next$2f$dist$2f$client$2f$components$2f$navigation$2e$react$2d$server$2e$js__$5b$app$2d$rsc$5d$__$28$ecmascript$29$__["notFound"])();
  70 if (lead.productType !== "PERSONAL_LOAN") (0, __TURBOPACK__imported__module__$5b$project$5d2f$node_modules$2f$next$2f$dist$2f$client$2f$components$2f$navigation$2e$react$2d$server$2e$js__$5b$app$2d$rsc$5d$__$28$ecmascript$29$__["notFound"])();
  71 const fields = lead.application?.fieldsJson ?? {};
→ 72 const matchedLender = fields.eligibility ? await __TURBOPACK__imported__module__$5b$project$5d2f$src$2f$lib$2f$db$2e$ts__$5b$app$2d$rsc$5d$__$28$ecmascript$29$__["db"].lender.findUnique({
       where: {
         slug: undefined,
     ?   id?: String,
     ?   AND?: LenderWhereInput | LenderWhereInput[],
     ?   OR?: LenderWhereInput[],
     ?   NOT?: LenderWhereInput | LenderWhereInput[],
     ?   name?: StringFilter | String,
     ?   referralUrl?: StringNullableFilter | String | Null,
     ?   active?: BoolFilter | Boolean,
     ?   createdAt?: DateTimeFilter | DateTime,
     ?   updatedAt?: DateTimeFilter | DateTime
       }
     })

Argument `where` of type LenderWhereUniqueInput needs at least one of `id` or `slug` arguments. Available options are marked with ?.
    at  ReferralWorkspacePage (about://React/Server/file:///Users/nikhil/Downloads/priority%20clients/saathi%20finance/.next/dev/server/chunks/ssr/%5Broot-of-the-server%5D__1pwi_1a._.js?0:72:48)
    at resolveErrorDev (http://localhost:3000/_next/static/chunks/node_modules_next_dist_compiled_react-server-dom-turbopack_164kp-6._.js:1937:105)
    at processFullStringRow (http://localhost:3000/_next/static/chunks/node_modules_next_dist_compiled_react-server-dom-turbopack_164kp-6._.js:2456:29)
    at processFullBinaryRow (http://localhost:3000/_next/static/chunks/node_modules_next_dist_compiled_react-server-dom-turbopack_164kp-6._.js:2415:9)
    at processBinaryChunk (http://localhost:3000/_next/static/chunks/node_modules_next_dist_compiled_react-server-dom-turbopack_164kp-6._.js:2524:221)
    at progress (http://localhost:3000/_next/static/chunks/node_modules_next_dist_compiled_react-server-dom-turbopack_164kp-6._.js:2711:13)
[   37904ms] [INFO] %cDownload the React DevTools for a better development experience: https://react.dev/link/react-devtools font-weight:bold @ http://localhost:3000/_next/static/chunks/node_modules_next_dist_1e8vcs8._.js:776
[   37915ms] [LOG] [HMR] connected @ http://localhost:3000/_next/static/chunks/node_modules_next_dist_1e8vcs8._.js:776
